This file contains any messages produced by compilers while
running configure, to aid debugging if configure makes a mistake.

It was created by GNU C Library configure (see version.h), which was
generated by GNU Autoconf 2.71.  Invocation command line was

  $ ../configure --prefix=/usr --enable-kernel=6.1 --with-headers=/home/elmuli/DevLop/LinuxOS/hehe/init_stuff/init_edit/usr/include --disable-nscd --disable-timez

## --------- ##
## Platform. ##
## --------- ##

hostname = arkki
uname -m = x86_64
uname -r = 6.18.21-1-lts
uname -s = Linux
uname -v = #1 SMP PREEMPT_DYNAMIC Thu, 02 Apr 2026 15:44:36 +0000

/usr/bin/uname -p = unknown
/bin/uname -X     = unknown

/bin/arch              = unknown
/usr/bin/arch -k       = unknown
/usr/convex/getsysinfo = unknown
/usr/bin/hostinfo      = unknown
/bin/machine           = unknown
/usr/bin/oslevel       = unknown
/bin/universe          = unknown

PATH: /usr/local/sbin/
PATH: /usr/local/bin/
PATH: /usr/bin/
PATH: /var/lib/flatpak/exports/bin/
PATH: /usr/bin/site_perl/
PATH: /usr/bin/vendor_perl/
PATH: /usr/bin/core_perl/
PATH: /usr/lib/rustup/bin/


## ----------- ##
## Core tests. ##
## ----------- ##

configure:2651: looking for aux files: install-sh config.guess config.sub
configure:2664:  trying ../scripts/
configure:2675:   ../scripts/install-sh found
configure:2693:   ../scripts/config.guess found
configure:2693:   ../scripts/config.sub found
configure:2890: checking build system type
configure:2905: result: x86_64-pc-linux-gnu
configure:2925: checking host system type
configure:2939: result: x86_64-pc-linux-gnu
configure:3022: checking for gcc
configure:3043: found /usr/bin/gcc
configure:3054: result: gcc
configure:3407: checking for C compiler version
configure:3416: gcc --version >&5
gcc (GCC) 15.2.1 20260209
Copyright (C) 2025 Free Software Foundation, Inc.
This is free software; see the source for copying conditions.  There is NO
warranty; not even for MERCHANTABILITY or FITNESS FOR A PARTICULAR PURPOSE.

configure:3427: $? = 0
configure:3416: gcc -v >&5
Using built-in specs.
COLLECT_GCC=gcc
COLLECT_LTO_WRAPPER=/usr/lib/gcc/x86_64-pc-linux-gnu/15.2.1/lto-wrapper
Target: x86_64-pc-linux-gnu
Configured with: /build/gcc/src/gcc/configure --enable-languages=ada,c,c++,d,fortran,go,lto,m2,objc,obj-c++,rust,cobol --enable-bootstrap --prefix=/usr --libdir=/usr/lib --libexecdir=/usr/lib --mandir=/usr/share/man --infodir=/usr/share/info --with-bugurl=https://gitlab.archlinux.org/archlinux/packaging/packages/gcc/-/issues --with-build-config=bootstrap-lto --with-linker-hash-style=gnu --with-system-zlib --enable-__cxa_atexit --enable-cet=auto --enable-checking=release --enable-clocale=gnu --enable-default-pie --enable-default-ssp --enable-gnu-indirect-function --enable-gnu-unique-object --enable-libstdcxx-backtrace --enable-link-serialization=1 --enable-linker-build-id --enable-lto --enable-multilib --enable-plugin --enable-shared --enable-threads=posix --disable-libssp --disable-libstdcxx-pch --disable-werror
Thread model: posix
Supported LTO compression algorithms: zlib zstd
gcc version 15.2.1 20260209 (GCC) 
configure:3427: $? = 0
configure:3416: gcc -V >&5
gcc: error: unrecognized command-line option '-V'
gcc: fatal error: no input files
compilation terminated.
configure:3427: $? = 1
configure:3416: gcc -qversion >&5
gcc: error: unrecognized command-line option '-qversion'; did you mean '--version'?
gcc: fatal error: no input files
compilation terminated.
configure:3427: $? = 1
configure:3416: gcc -version >&5
gcc: error: unrecognized command-line option '-version'
gcc: fatal error: no input files
compilation terminated.
configure:3427: $? = 1
configure:3432: checking for suffix of object files
configure:3455: gcc -c   conftest.c >&5
configure:3459: $? = 0
configure:3481: result: o
configure:3485: checking whether the compiler supports GNU C
configure:3505: gcc -c   conftest.c >&5
configure:3505: $? = 0
configure:3515: result: yes
configure:3526: checking whether gcc accepts -g
configure:3547: gcc -c -g  conftest.c >&5
configure:3547: $? = 0
configure:3591: result: yes
configure:3611: checking for gcc option to enable C11 features
configure:3626: gcc  -c -g -O2  conftest.c >&5
conftest.c: In function 'e':
conftest.c:25:14: warning: old-style function definition [-Wold-style-definition]
   25 | static char *e (p, i)
      |              ^
configure:3626: $? = 0
configure:3644: result: none needed
configure:3883: checking for g++
configure:3904: found /usr/bin/g++
configure:3915: result: g++
configure:3942: checking for C++ compiler version
configure:3951: g++ --version >&5
g++ (GCC) 15.2.1 20260209
Copyright (C) 2025 Free Software Foundation, Inc.
This is free software; see the source for copying conditions.  There is NO
warranty; not even for MERCHANTABILITY or FITNESS FOR A PARTICULAR PURPOSE.

configure:3962: $? = 0
configure:3951: g++ -v >&5
Using built-in specs.
COLLECT_GCC=g++
COLLECT_LTO_WRAPPER=/usr/lib/gcc/x86_64-pc-linux-gnu/15.2.1/lto-wrapper
Target: x86_64-pc-linux-gnu
Configured with: /build/gcc/src/gcc/configure --enable-languages=ada,c,c++,d,fortran,go,lto,m2,objc,obj-c++,rust,cobol --enable-bootstrap --prefix=/usr --libdir=/usr/lib --libexecdir=/usr/lib --mandir=/usr/share/man --infodir=/usr/share/info --with-bugurl=https://gitlab.archlinux.org/archlinux/packaging/packages/gcc/-/issues --with-build-config=bootstrap-lto --with-linker-hash-style=gnu --with-system-zlib --enable-__cxa_atexit --enable-cet=auto --enable-checking=release --enable-clocale=gnu --enable-default-pie --enable-default-ssp --enable-gnu-indirect-function --enable-gnu-unique-object --enable-libstdcxx-backtrace --enable-link-serialization=1 --enable-linker-build-id --enable-lto --enable-multilib --enable-plugin --enable-shared --enable-threads=posix --disable-libssp --disable-libstdcxx-pch --disable-werror
Thread model: posix
Supported LTO compression algorithms: zlib zstd
gcc version 15.2.1 20260209 (GCC) 
configure:3962: $? = 0
configure:3951: g++ -V >&5
g++: error: unrecognized command-line option '-V'
g++: fatal error: no input files
compilation terminated.
configure:3962: $? = 1
configure:3951: g++ -qversion >&5
g++: error: unrecognized command-line option '-qversion'; did you mean '--version'?
g++: fatal error: no input files
compilation terminated.
configure:3962: $? = 1
configure:3966: checking whether the compiler supports GNU C++
configure:3986: g++ -c   conftest.cpp >&5
configure:3986: $? = 0
configure:3996: result: yes
configure:4007: checking whether g++ accepts -g
configure:4028: g++ -c -g  conftest.cpp >&5
configure:4028: $? = 0
configure:4072: result: yes
configure:4092: checking for g++ option to enable C++11 features
configure:4107: g++  -c -g -O2  conftest.cpp >&5
conftest.cpp: In function 'int main(int, char**)':
conftest.cpp:177:25: warning: empty parentheses were disambiguated as a function declaration [-Wvexing-parse]
  177 |   cxx11test::delegate d2();
      |                         ^~
conftest.cpp:177:25: note: remove parentheses to default-initialize a variable
  177 |   cxx11test::delegate d2();
      |                         ^~
      |                         --
conftest.cpp:177:25: note: or replace parentheses with braces to value-initialize a variable
configure:4107: $? = 0
configure:4125: result: none needed
configure:4191: checking whether g++ can link programs
configure:4215: g++ -o conftest -g -O2   conftest.cpp  >&5
configure:4215: $? = 0
configure:4239: g++ -o conftest -g -O2   -static conftest.cpp  >&5
configure:4239: $? = 0
configure:4255: result: yes
configure:4675: gcc -E  conftest.c
conftest.c:18:3: error: #error no CET compiler support
   18 | # error no CET compiler support
      |   ^~~~~
configure:4675: $? = 1
configure: failed program was:
| /* confdefs.h */
| #define PACKAGE_NAME "GNU C Library"
| #define PACKAGE_TARNAME "glibc"
| #define PACKAGE_VERSION "(see version.h)"
| #define PACKAGE_STRING "GNU C Library (see version.h)"
| #define PACKAGE_BUGREPORT "https://sourceware.org/bugzilla/"
| #define PACKAGE_URL "https://www.gnu.org/software/glibc/"
| #define PKGVERSION "(GNU libc) "
| #define REPORT_BUGS_TO "<https://www.gnu.org/software/libc/bugs.html>"
| #define TIMEOUTFACTOR 1
| /* end confdefs.h.  */
| 
| int
| main (void)
| {
| 
| #ifndef __CET__
| # error no CET compiler support
| #endif
|   ;
|   return 0;
| }
configure:4765: checking for sysdeps preconfigure fragments
configure:6: checking for grep that handles long lines and -e
configure:70: result: /usr/bin/grep
configure:75: checking for egrep
configure:143: result: /usr/bin/grep -E
configure:6: checking for grep that handles long lines and -e
configure:70: result: /usr/bin/grep
configure:75: checking for egrep
configure:143: result: /usr/bin/grep -E
configure:9: checking whether gcc compiles in -mx32 mode by default
configure:28: gcc -c -g -O2  conftest.c >&5
conftest.c:14:3: error: #error not x32
   14 | # error not x32
      |   ^~~~~
configure:28: $? = 1
configure: failed program was:
| /* confdefs.h */
| #define PACKAGE_NAME "GNU C Library"
| #define PACKAGE_TARNAME "glibc"
| #define PACKAGE_VERSION "(see version.h)"
| #define PACKAGE_STRING "GNU C Library (see version.h)"
| #define PACKAGE_BUGREPORT "https://sourceware.org/bugzilla/"
| #define PACKAGE_URL "https://www.gnu.org/software/glibc/"
| #define PKGVERSION "(GNU libc) "
| #define REPORT_BUGS_TO "<https://www.gnu.org/software/libc/bugs.html>"
| #define TIMEOUTFACTOR 1
| #define USE_PPC_SCV 1
| /* end confdefs.h.  */
| #ifndef __ILP32__
| # error not x32
| #endif
| int
| main (void)
| {
| 
|   ;
|   return 0;
| }
configure:36: result: no
configure:4772: result: 
configure:4818: checking for a BSD-compatible install
configure:4891: result: /usr/bin/install -c
configure:4906: checking whether ln -s works
configure:4910: result: yes
configure:5108: checking for ld
configure:5140: result: ld
configure:5155: checking version of ld
configure:5165: result: 2.46, ok
configure:5182: checking for gnumake
configure:5217: result: no
configure:5182: checking for gmake
configure:5217: result: no
configure:5182: checking for make
configure:5203: found /usr/bin/make
configure:5214: result: make
configure:5229: checking version of make
configure:5239: result: 4.4.1, ok
configure:5251: checking for gnumsgfmt
configure:5286: result: no
configure:5251: checking for gmsgfmt
configure:5286: result: no
configure:5251: checking for msgfmt
configure:5272: found /usr/bin/msgfmt
configure:5283: result: msgfmt
configure:5298: checking version of msgfmt
configure:5308: result: 1.0, ok
configure:5319: checking for makeinfo
configure:5340: found /usr/bin/makeinfo
configure:5351: result: makeinfo
configure:5366: checking version of makeinfo
configure:5376: result: 7.2, ok
configure:5387: checking for sed
configure:5408: found /usr/bin/sed
configure:5419: result: sed
configure:5434: checking version of sed
configure:5444: result: 4.9, ok
configure:5455: checking for gawk
configure:5476: found /usr/bin/gawk
configure:5487: result: gawk
configure:5502: checking version of gawk
configure:5512: result: 5.4.0, ok
configure:5523: checking for bison
configure:5544: found /usr/bin/bison
configure:5555: result: bison
configure:5570: checking version of bison
configure:5580: result: 3.8.2, ok
configure:5588: checking if gcc is sufficient to build libc
configure:5609: gcc -E  conftest.c
configure:5609: $? = 0
configure:5617: result: yes
configure:5705: checking for python3
configure:5726: found /usr/bin/python3
configure:5737: result: python3
configure:5752: checking version of python3
configure:5762: result: 3.14.3, ok
configure:5787: checking for use of fpu sysdeps directories
configure:5807: result: yes
configure:5811: checking for -fstack-protector
configure:5818: gcc -g -O2  -Werror -fstack-protector -xc /dev/null -S -o /dev/null
configure:5821: $? = 0
configure:5830: result: yes
configure:5833: checking for -fstack-protector-strong
configure:5840: gcc -g -O2  -Werror -fstack-protector-strong -xc /dev/null -S -o /dev/null
configure:5843: $? = 0
configure:5852: result: yes
configure:5855: checking for -fstack-protector-all
configure:5862: gcc -g -O2  -Werror -fstack-protector-all -xc /dev/null -S -o /dev/null
configure:5865: $? = 0
configure:5874: result: yes
configure:5917: checking for assembler and linker STT_GNU_IFUNC support

Relocation section '.rela.dyn' at offset 0x2b8 contains 1 entry:
  Offset          Info           Type           Sym. Value    Sym. Name + Addend
000000003000  000000000025 R_X86_64_IRELATIV                    1000
configure:5949: result: yes
configure:5953: checking for gcc attribute ifunc support
configure:5980: result: yes
configure:5985: checking whether the linker supports textrels along with ifunc
configure:6016: gcc -g -O2   -nostartfiles -nostdlib -fno-stack-protector -pie -o conftest conftest.S
/usr/bin/ld: /tmp/ccXswdRK.o: warning: relocation against `address' in read-only section `.text'
/usr/bin/ld: warning: GNU indirect functions with DT_TEXTREL may result in a segfault at runtime; recompile with -fPIE
/usr/bin/ld: warning: creating DT_TEXTREL in a PIE
configure:6019: $? = 0
configure:6026: result: yes
configure:6031: checking for GNU attribute retain support
configure:6047: result: yes
configure:6057: checking if compiler warns about alias for function with incompatible types
conftest.c:9:34: error: 'foo_alias' alias between functions of incompatible types 'int(const void *, int)' and 'int (*(void))(const void *, int)' [-Werror=attribute-alias=]
    9 | extern __typeof (__redirect_foo) foo_alias __attribute__ ((alias ("foo")));
      |                                  ^~~~~~~~~
conftest.c:4:28: note: aliased declaration here
    4 | __typeof (__redirect_foo) *foo_impl (void)
      |                            ^~~~~~~~
cc1: all warnings being treated as errors
configure:6080: result: yes
configure:6118: checking sysdep dirs
configure:6316: result: sysdeps/generic
configure:6364: checking LD_LIBRARY_PATH variable
configure:6374: result: ok
configure:6385: checking for bash
configure:6408: found /usr/bin/bash
configure:6421: result: /usr/bin/bash
configure:6432: checking for perl
configure:6455: found /usr/bin/perl
configure:6468: result: /usr/bin/perl
configure:6482: checking for install-info
configure:6506: found /usr/bin/install-info
configure:6519: result: /usr/bin/install-info
configure:6528: checking for .set assembler directive
configure:6555: result: yes
configure:6562: checking linker support for protected data symbol
configure:6573: gcc -nostdlib -nostartfiles -fno-stack-protector -fPIC -shared conftest.c -o conftest.so
configure:6576: $? = 0
configure:6583: gcc -nostdlib -nostartfiles -fno-stack-protector conftest.c -o conftest conftest.so
/usr/bin/ld: /tmp/ccc4OhBy.o: copy relocation against non-copyable protected symbol `bar' in conftest.so
collect2: error: ld returned 1 exit status
configure:6586: $? = 1
configure:6594: result: no
configure:6598: checking linker support for INSERT in linker script
configure:6617: gcc -nostdlib -nostartfiles -fno-stack-protector -fPIC -shared conftest.c -Wl,-T,conftest.t -o conftest.so
configure:6620: $? = 0
configure:6627: result: yes
configure:6631: checking for broken __attribute__((alias()))
configure:6647: gcc -Werror -S conftest.c -o conftest.s 1>&5
configure:6650: $? = 0
configure:6660: result: no
configure:6666: checking whether to put _rtld_local into .sdata section
configure:6681: result: no
configure:6688: checking for libunwind-support in compiler
configure:6706: result: no
configure:6715: checking whether --noexecstack is desirable for .S files
configure:6726: gcc -g -O2 
		   -S -o conftest.s conftest.c 1>&5
configure:6729: $? = 0
configure:6734: gcc  -Wa,--noexecstack
		      -c -o conftest.o conftest.s 1>&5
configure:6737: $? = 0
configure:6746: result: yes
configure:6753: checking for linker that supports -z execstack
configure:6763: gcc -g -O2   -fno-stack-protector
		  -Wl,-z,execstack -nostdlib -nostartfiles
		  -fPIC -shared -o conftest.so conftest.c
		  1>&5
configure:6766: $? = 0
configure:6783: result: yes
configure:6787: checking for linker that supports -z start-stop-gc
configure:6797: gcc -g -O2   -fno-stack-protector
		  -Wl,-z,start-stop-gc -nostdlib -nostartfiles
		  -fPIC -shared -o conftest.so conftest.c
		  1>&5
configure:6800: $? = 0
configure:6817: result: yes
configure:6822: checking for linker that supports --depaudit
configure:6832: gcc -g -O2   -fno-stack-protector
		  -Wl,--depaudit,x -nostdlib -nostartfiles
		  -fPIC -shared -o conftest.so conftest.c
		  1>&5
configure:6835: $? = 0
configure:6852: result: yes
configure:6857: checking for linker that supports -z pack-relative-relocs
configure:6867: gcc -g -O2   -fno-stack-protector
		  -Wl,-z,pack-relative-relocs -nostdlib -nostartfiles
		  -fPIC -shared -o conftest.so conftest.c
		  1>&5
configure:6870: $? = 0
configure:6887: result: yes
configure:6892: checking for linker that supports --no-dynamic-linker
configure:6902: gcc -g -O2   -fno-stack-protector
		  -Wl,--no-dynamic-linker -nostdlib -nostartfiles
		  -fPIC -shared -o conftest.so conftest.c
		  1>&5
configure:6905: $? = 0
configure:6922: result: yes
configure:6927: checking for -static-pie
configure:6934: gcc -static-pie -xc /dev/null -S -o /dev/null
configure:6937: $? = 0
configure:6946: result: yes
configure:6951: checking for -fpie
configure:6958: gcc -fpie -xc /dev/null -S -o /dev/null
configure:6961: $? = 0
configure:6970: result: yes
configure:6975: checking for GLOB_DAT reloc
configure:6989: gcc -g -O2  
			-fPIC -shared -o conftest.so conftest.c
			-nostdlib -nostartfiles -fno-stack-protector
			1>&5
configure:6992: $? = 0
configure:7005: result: yes
configure:7009: checking for -mtls-dialect=gnu2
configure:7024: gcc -g -O2  -fPIC -mtls-dialect=gnu2 -nostdlib -nostartfiles
		   conftest.c -o conftest 1>&5
/usr/bin/ld: warning: cannot find entry symbol _start; defaulting to 0000000000001000
configure:7027: $? = 0
configure:7036: result: yes
configure:7042: checking if -Wno-ignored-attributes is required for aliases
configure:7057: gcc -g -O2  -Werror -c conftest.c
configure:7060: $? = 0
configure:7067: result: 
configure:7072: checking whether cc puts quotes around section names
configure:7094: result: no
configure:7101: checking for __builtin_memset
configure:7114: gcc -O3 -S conftest.c -o - | grep -F memset > /dev/null
configure:7117: $? = 1
configure:7126: result: yes
configure:7133: checking for redirection of built-in functions
configure:7147: gcc -O3 -S conftest.c -o - | grep -F my_strstr > /dev/null
configure:7150: $? = 0
configure:7159: result: yes
configure:7165: checking for compiler option to disable generation of FMA instructions
configure:7174: gcc -ffp-contract=off -xc /dev/null -S -o /dev/null
configure:7177: $? = 0
configure:7184: result: -ffp-contract=off
configure:7218: checking for compiler option that -fsignaling-nans
configure:7225: gcc -Werror -fsignaling-nans -xc /dev/null -S -o /dev/null
configure:7228: $? = 0
configure:7237: result: -fsignaling-nans
configure:7242: checking if gcc accepts -fno-tree-loop-distribute-patterns with __attribute__ ((__optimize__))
configure:7257: gcc -g -O2  -c conftest.c
configure:7260: $? = 0
configure:7267: result: yes
configure:7275: checking for libgd
configure:7295: gcc -o conftest -g -O2     conftest.c  -lgd -lpng -lz -lm >&5
conftest.c:20:10: fatal error: gd.h: No such file or directory
   20 | #include <gd.h>
      |          ^~~~~~
compilation terminated.
configure:7295: $? = 1
configure: failed program was:
| /* confdefs.h */
| #define PACKAGE_NAME "GNU C Library"
| #define PACKAGE_TARNAME "glibc"
| #define PACKAGE_VERSION "(see version.h)"
| #define PACKAGE_STRING "GNU C Library (see version.h)"
| #define PACKAGE_BUGREPORT "https://sourceware.org/bugzilla/"
| #define PACKAGE_URL "https://www.gnu.org/software/glibc/"
| #define PKGVERSION "(GNU libc) "
| #define REPORT_BUGS_TO "<https://www.gnu.org/software/libc/bugs.html>"
| #define TIMEOUTFACTOR 1
| #define USE_PPC_SCV 1
| #define HAVE_CC_NO_STACK_PROTECTOR 1
| #define STACK_PROTECTOR_LEVEL 0
| #define HAVE_GNU_RETAIN 1
| #define USE_MULTIARCH 1
| #define HAVE_ASM_SET_DIRECTIVE 1
| #define HAVE_BUILTIN_MEMSET 1
| #define HAVE_CC_INHIBIT_LOOP_TO_LIBCALL 1
| /* end confdefs.h.  */
| #include <gd.h>
| int
| main (void)
| {
| gdImagePng (0, 0)
|   ;
|   return 0;
| }
configure:7309: result: no
configure:7318: checking for is_selinux_enabled in -lselinux
configure:7341: gcc -o conftest -g -O2   conftest.c -lselinux   >&5
/usr/bin/ld: cannot find -lselinux: No such file or directory
collect2: error: ld returned 1 exit status
configure:7341: $? = 1
configure: failed program was:
| /* confdefs.h */
| #define PACKAGE_NAME "GNU C Library"
| #define PACKAGE_TARNAME "glibc"
| #define PACKAGE_VERSION "(see version.h)"
| #define PACKAGE_STRING "GNU C Library (see version.h)"
| #define PACKAGE_BUGREPORT "https://sourceware.org/bugzilla/"
| #define PACKAGE_URL "https://www.gnu.org/software/glibc/"
| #define PKGVERSION "(GNU libc) "
| #define REPORT_BUGS_TO "<https://www.gnu.org/software/libc/bugs.html>"
| #define TIMEOUTFACTOR 1
| #define USE_PPC_SCV 1
| #define HAVE_CC_NO_STACK_PROTECTOR 1
| #define STACK_PROTECTOR_LEVEL 0
| #define HAVE_GNU_RETAIN 1
| #define USE_MULTIARCH 1
| #define HAVE_ASM_SET_DIRECTIVE 1
| #define HAVE_BUILTIN_MEMSET 1
| #define HAVE_CC_INHIBIT_LOOP_TO_LIBCALL 1
| /* end confdefs.h.  */
| 
| /* Override any GCC internal prototype to avoid an error.
|    Use char because int might match the return type of a GCC
|    builtin and then its argument prototype would still apply.  */
| char is_selinux_enabled ();
| int
| main (void)
| {
| return is_selinux_enabled ();
|   ;
|   return 0;
| }
configure:7351: result: no
configure:7477: checking for maximum supported _FORTIFY_SOURCE level
configure:7495: gcc -o conftest -g -O2   conftest.c  >&5
configure:7495: $? = 0
configure:7505: result: 3
configure:7537: checking whether the assembler requires one version per symbol
configure:7559: result: no
configure:7566: checking for __builtin_trap with no external dependencies
configure:7584: gcc -c -g -O2  conftest.c >&5
configure:7584: $? = 0
libc_undefs=''
configure:7599: result: yes
configure:7613: checking whether the C++ compiler supports thread_local
configure:7642: g++ -c -g -O2 -std=gnu++11  conftest.cpp >&5
configure:7642: $? = 0
configure:7652: result: yes
configure:7683: result: running configure fragment for sysdeps/unix/sysv/linux/x86_64/64
configure:7683: result: running configure fragment for sysdeps/unix/sysv/linux/x86_64
configure:7683: result: running configure fragment for sysdeps/unix/sysv/linux
configure:10: checking installed Linux kernel header files
configure:30: gcc -E  -nostdinc -isystem /usr/lib/gcc/x86_64-pc-linux-gnu/15.2.1/include -isystem /usr/lib/gcc/x86_64-pc-linux-gnu/15.2.1/include-fixed -isystem /home/elmuli/DevLop/LinuxOS/hehe/init_stuff/init_edit/usr/include conftest.c
configure:30: $? = 0
configure:38: result: 3.2.0 or later
configure:72: checking for kernel header at least 6.1
configure:91: gcc -E  -nostdinc -isystem /usr/lib/gcc/x86_64-pc-linux-gnu/15.2.1/include -isystem /usr/lib/gcc/x86_64-pc-linux-gnu/15.2.1/include-fixed -isystem /home/elmuli/DevLop/LinuxOS/hehe/init_stuff/init_edit/usr/include conftest.c
configure:91: $? = 0
configure:98: result: ok
configure:145: checking for symlinks in /usr/include
configure:162: result: ok
configure:7683: result: running configure fragment for sysdeps/gnu
configure:7683: result: running configure fragment for sysdeps/x86_64
configure:4: checking -mprefer-vector-width=128
configure:11: gcc -mprefer-vector-width=128 -xc /dev/null -S -o /dev/null
configure:14: $? = 0
configure:23: result: yes
configure:28: checking for linker that supports -z mark-plt
configure:38: gcc -g -O2   -fno-stack-protector
		  -Wl,-z,mark-plt -nostdlib -nostartfiles
		  -fPIC -shared -o conftest.so conftest.c
		  1>&5
configure:41: $? = 0
configure:58: result: yes
configure:7683: result: running configure fragment for sysdeps/x86
configure:5: checking for linker x86 ISA level support
configure:63: gcc -g -O2  -nostartfiles -nostdlib -r -o conftest conftest1.S conftest2.S
configure:66: $? = 0
configure:75: result: yes
configure:80: checking for LAHF/SAHF instruction support
configure:88: gcc -g -O2  -fverbose-asm -S -o - -x c /dev/null
configure:91: $? = 0
configure:96: result: no
configure:102: checking for MOVBE instruction support
configure:110: gcc -g -O2  -fverbose-asm -S -o - -x c /dev/null
configure:113: $? = 0
configure:118: result: no
configure:7748: checking whether -fPIC is default
conftest.c:2:3: error: #error PIC is default.
    2 | # error PIC is default.
      |   ^~~~~
configure:7765: result: yes
configure:7770: checking whether -fPIE is default
conftest.c:2:3: error: #error PIE is default.
    2 | # error PIE is default.
      |   ^~~~~
configure:7787: result: yes
configure:7792: checking if we can build programs as PIE
configure:7800: gcc -c -g -O2  conftest.c >&5
configure:7800: $? = 0
configure:7807: result: yes
configure:7819: checking if we can build static PIE programs
configure:7830: gcc -c -g -O2  conftest.c >&5
configure:7830: $? = 0
configure:7838: result: yes
configure:7996: creating ./config.status

## ---------------------- ##
## Running config.status. ##
## ---------------------- ##

This file was extended by GNU C Library config.status (see version.h), which was
generated by GNU Autoconf 2.71.  Invocation command line was

  CONFIG_FILES    = 
  CONFIG_HEADERS  = 
  CONFIG_LINKS    = 
  CONFIG_COMMANDS = 
  $ ./config.status 

on arkki

config.status:952: creating config.make
config.status:952: creating Makefile
config.status:952: creating config.h
config.status:1126: executing default commands

## ---------------- ##
## Cache variables. ##
## ---------------- ##

ac_cv_build=x86_64-pc-linux-gnu
ac_cv_c_compiler_gnu=yes
ac_cv_cxx_compiler_gnu=yes
ac_cv_env_CCC_set=
ac_cv_env_CCC_value=
ac_cv_env_CC_set=
ac_cv_env_CC_value=
ac_cv_env_CFLAGS_set=
ac_cv_env_CFLAGS_value=
ac_cv_env_CPPFLAGS_set=
ac_cv_env_CPPFLAGS_value=
ac_cv_env_CPP_set=
ac_cv_env_CPP_value=
ac_cv_env_CXXFLAGS_set=
ac_cv_env_CXXFLAGS_value=
ac_cv_env_CXX_set=
ac_cv_env_CXX_value=
ac_cv_env_LDFLAGS_set=
ac_cv_env_LDFLAGS_value=
ac_cv_env_LIBS_set=
ac_cv_env_LIBS_value=
ac_cv_env_build_alias_set=
ac_cv_env_build_alias_value=
ac_cv_env_host_alias_set=
ac_cv_env_host_alias_value=
ac_cv_env_target_alias_set=
ac_cv_env_target_alias_value=
ac_cv_host=x86_64-pc-linux-gnu
ac_cv_lib_selinux_is_selinux_enabled=no
ac_cv_objext=o
ac_cv_path_BASH_SHELL=/usr/bin/bash
ac_cv_path_EGREP='/usr/bin/grep -E'
ac_cv_path_GREP=/usr/bin/grep
ac_cv_path_INSTALL_INFO=/usr/bin/install-info
ac_cv_path_PERL=/usr/bin/perl
ac_cv_path_install='/usr/bin/install -c'
ac_cv_prog_AWK=gawk
ac_cv_prog_BISON=bison
ac_cv_prog_LD=ld
ac_cv_prog_MAKE=make
ac_cv_prog_MAKEINFO=makeinfo
ac_cv_prog_MSGFMT=msgfmt
ac_cv_prog_PYTHON_PROG=python3
ac_cv_prog_SED=sed
ac_cv_prog_ac_ct_CC=gcc
ac_cv_prog_ac_ct_CXX=g++
ac_cv_prog_cc_c11=
ac_cv_prog_cc_g=yes
ac_cv_prog_cc_stdc=
ac_cv_prog_cxx_cxx11=
ac_cv_prog_cxx_g=yes
ac_cv_prog_cxx_stdcxx=
libc_cv_as_noexecstack=yes
libc_cv_asm_set_directive=yes
libc_cv_broken_alias_attribute=no
libc_cv_builtin_trap=yes
libc_cv_cc_loop_to_function=yes
libc_cv_cc_mprefer_vector_width=yes
libc_cv_cc_nofma=-ffp-contract=off
libc_cv_cc_pie_default=yes
libc_cv_cc_signaling_nans=-fsignaling-nans
libc_cv_cc_with_libunwind=no
libc_cv_compiler_default_cet=no
libc_cv_compiler_ok=yes
libc_cv_complocaledir='${exec_prefix}/lib/locale'
libc_cv_cxx_link_ok=yes
libc_cv_cxx_thread_local=yes
libc_cv_depaudit=yes
libc_cv_dt_relr=yes
libc_cv_fortify_source=no
libc_cv_fpie=yes
libc_cv_gcc_builtin_memset=yes
libc_cv_gcc_builtin_redirection=yes
libc_cv_gcc_incompatible_alias=yes
libc_cv_gcc_indirect_function=yes
libc_cv_gcc_unwind_find_fde=no
libc_cv_gnu_retain=yes
libc_cv_has_glob_dat=yes
libc_cv_have_sdata_section=no
libc_cv_have_section_quotes=no
libc_cv_have_x86_lahf_sahf=no
libc_cv_have_x86_movbe=no
libc_cv_idn=no
libc_cv_include_x86_isa_level=yes
libc_cv_insert=yes
libc_cv_ld_gnu_indirect_function=yes
libc_cv_linux320='3.2.0 or later'
libc_cv_localstatedir=/var
libc_cv_mtls_dialect_gnu2=yes
libc_cv_multidir=.
libc_cv_no_dynamic_linker=yes
libc_cv_pic_default=yes
libc_cv_pie_supported=yes
libc_cv_protected_data=no
libc_cv_rootsbindir=/sbin
libc_cv_rtlddir=/lib64
libc_cv_slibdir=/lib64
libc_cv_ssp=yes
libc_cv_ssp_all=yes
libc_cv_ssp_strong=yes
libc_cv_static_pie=yes
libc_cv_static_pie_supported=yes
libc_cv_supported_fortify_source=3
libc_cv_symver_needs_alias=no
libc_cv_sysconfdir=/etc
libc_cv_textrel_ifunc=yes
libc_cv_with_fp=yes
libc_cv_with_lld=no
libc_cv_wno_ignored_attributes=
libc_cv_x32=no
libc_cv_z_execstack=yes
libc_cv_z_mark_plt=yes
libc_cv_z_start_stop_gc=yes

## ----------------- ##
## Output variables. ##
## ----------------- ##

AR='ar'
ASFLAGS_config=' -Wa,--noexecstack'
AUTOCONF='no'
AWK='gawk'
BASH_SHELL='/usr/bin/bash'
BISON='bison'
BUILD_CC=''
CC='gcc'
CFLAGS='-g -O2'
CPP='gcc -E'
CPPFLAGS=''
CXX='g++'
CXXFLAGS='-g -O2'
CXX_BITS_STD_ABS_H='/usr/include/c++/15.2.1/bits/std_abs.h'
CXX_CMATH_HEADER='/usr/include/c++/15.2.1/cmath'
CXX_CSTDLIB_HEADER='/usr/include/c++/15.2.1/cstdlib'
CXX_SYSINCLUDES=' -isystem /usr/lib/gcc/x86_64-pc-linux-gnu/15.2.1/../../../../include/c++/15.2.1 -isystem /usr/lib/gcc/x86_64-pc-linux-gnu/15.2.1/../../../../include/c++/15.2.1/x86_64-pc-linux-gnu -isystem /usr/lib/gcc/x86_64-pc-linux-gnu/15.2.1/../../../../include/c++/15.2.1/backward'
DEFINES=''
DEFS='-DHAVE_CONFIG_H'
ECHO_C=''
ECHO_N='-n'
ECHO_T=''
GPROF='gprof'
INSTALL_DATA='${INSTALL} -m 644'
INSTALL_INFO='/usr/bin/install-info'
INSTALL_PROGRAM='${INSTALL}'
INSTALL_SCRIPT='${INSTALL}'
LD='ld'
LDFLAGS=''
LIBGD='no'
LIBOBJS=''
LIBS=''
LN_S='ln -s'
LTLIBOBJS=''
MAKE='make'
MAKEINFO='makeinfo'
MSGFMT='msgfmt'
NM='nm'
OBJCOPY='objcopy'
OBJDUMP='objdump'
OBJEXT='o'
PACKAGE_BUGREPORT='https://sourceware.org/bugzilla/'
PACKAGE_NAME='GNU C Library'
PACKAGE_STRING='GNU C Library (see version.h)'
PACKAGE_TARNAME='glibc'
PACKAGE_URL='https://www.gnu.org/software/glibc/'
PACKAGE_VERSION='(see version.h)'
PATH_SEPARATOR=':'
PERL='/usr/bin/perl'
PKGVERSION='(GNU libc) '
PKGVERSION_TEXI='(GNU libc) '
PYTHON='python3 -B'
PYTHON_PROG='python3'
READELF='readelf'
RELEASE='stable'
REPORT_BUGS_TEXI='@uref{https://www.gnu.org/software/libc/bugs.html}'
REPORT_BUGS_TO='<https://www.gnu.org/software/libc/bugs.html>'
SED='sed'
SHELL='/bin/sh'
SYSINCLUDES='-nostdinc -isystem /usr/lib/gcc/x86_64-pc-linux-gnu/15.2.1/include -isystem /usr/lib/gcc/x86_64-pc-linux-gnu/15.2.1/include-fixed -isystem /home/elmuli/DevLop/LinuxOS/hehe/init_stuff/init_edit/usr/include'
VERSION='2.39'
ac_ct_CC='gcc'
ac_ct_CXX='g++'
base_machine='x86_64'
bindir='${exec_prefix}/bin'
bindnow='no'
build='x86_64-pc-linux-gnu'
build_alias=''
build_cpu='x86_64'
build_nscd='no'
build_os='linux-gnu'
build_pt_chown='no'
build_vendor='pc'
cross_compiling='no'
datadir='${datarootdir}'
datarootdir='${prefix}/share'
docdir='${datarootdir}/doc/${PACKAGE_TARNAME}'
dvidir='${docdir}'
enable_fortify_source='no'
enable_timezone_tools='yes'
enable_werror='yes'
exec_prefix='${prefix}'
extra_nonshared_cflags=''
force_install='yes'
fortify_source='-Wp,-U_FORTIFY_SOURCE'
hardcoded_path_in_tests='no'
have_libaudit=''
have_libcap=''
have_selinux='no'
host='x86_64-pc-linux-gnu'
host_alias=''
host_cpu='x86_64'
host_os='linux-gnu'
host_vendor='pc'
htmldir='${docdir}'
includedir='${prefix}/include'
infodir='${datarootdir}/info'
ldd_rewrite_script='sysdeps/unix/sysv/linux/x86_64/ldd-rewrite.sed'
libc_cv_cc_loop_to_function='yes'
libc_cv_cc_nofma='-ffp-contract=off'
libc_cv_cc_submachine=''
libc_cv_cc_with_libunwind='no'
libc_cv_complocaledir='${exec_prefix}/lib/locale'
libc_cv_cxx_thread_local='yes'
libc_cv_fortify_source='no'
libc_cv_fpie='yes'
libc_cv_gcc_unwind_find_fde='no'
libc_cv_has_glob_dat='yes'
libc_cv_insert='yes'
libc_cv_localstatedir='/var'
libc_cv_mtls_dialect_gnu2='yes'
libc_cv_multidir='.'
libc_cv_protected_data='no'
libc_cv_rootsbindir='/sbin'
libc_cv_rtlddir='/lib64'
libc_cv_slibdir='/lib64'
libc_cv_ssp='yes'
libc_cv_sysconfdir='/etc'
libc_cv_textrel_ifunc='yes'
libc_cv_with_fp='yes'
libc_cv_z_execstack='yes'
libc_extra_cflags=''
libc_extra_cppflags=''
libdir='${exec_prefix}/lib64'
libexecdir='${exec_prefix}/libexec'
localedir='${datarootdir}/locale'
localstatedir='${prefix}/var'
mach_interface_list=''
mandir='${datarootdir}/man'
memory_tagging='no'
multi_arch='default'
no_fortify_source='-Wp,-U_FORTIFY_SOURCE'
no_stack_protector='-fno-stack-protector -DSTACK_PROTECTOR_LEVEL=0'
oldincludedir='/usr/include'
pdfdir='${docdir}'
prefix='/usr'
profile='no'
program_transform_name='s,x,x,'
psdir='${docdir}'
pthread_in_libc='yes'
rtld_early_cflags=''
runstatedir='${localstatedir}/run'
sbindir='${exec_prefix}/sbin'
shared='yes'
sharedstatedir='${prefix}/com'
stack_protector='-fno-stack-protector'
static=''
static_nss='no'
subdirs=' '
submachine=''
sysconfdir='${prefix}/etc'
sysheaders='/home/elmuli/DevLop/LinuxOS/hehe/init_stuff/init_edit/usr/include'
sysnames=' sysdeps/unix/sysv/linux/x86_64/64 sysdeps/unix/sysv/linux/x86_64 sysdeps/unix/sysv/linux/x86 sysdeps/x86/nptl sysdeps/unix/sysv/linux/wordsize-64 sysdeps/x86_64/nptl sysdeps/unix/sysv/linux sysdeps/nptl sysdeps/pthread sysdeps/gnu sysdeps/unix/inet sysdeps/unix/sysv sysdeps/unix/x86_64 sysdeps/unix sysdeps/posix sysdeps/x86_64/64 sysdeps/x86_64/fpu/multiarch sysdeps/x86_64/fpu sysdeps/x86/fpu sysdeps/x86_64/multiarch sysdeps/x86_64 sysdeps/x86 sysdeps/ieee754/float128 sysdeps/ieee754/ldbl-96 sysdeps/ieee754/dbl-64 sysdeps/ieee754/flt-32 sysdeps/wordsize-64 sysdeps/ieee754 sysdeps/generic'
target_alias=''
use_ldconfig='yes'
use_nscd='no'

## ----------- ##
## confdefs.h. ##
## ----------- ##

/* confdefs.h */
#define PACKAGE_NAME "GNU C Library"
#define PACKAGE_TARNAME "glibc"
#define PACKAGE_VERSION "(see version.h)"
#define PACKAGE_STRING "GNU C Library (see version.h)"
#define PACKAGE_BUGREPORT "https://sourceware.org/bugzilla/"
#define PACKAGE_URL "https://www.gnu.org/software/glibc/"
#define PKGVERSION "(GNU libc) "
#define REPORT_BUGS_TO "<https://www.gnu.org/software/libc/bugs.html>"
#define TIMEOUTFACTOR 1
#define USE_PPC_SCV 1
#define HAVE_CC_NO_STACK_PROTECTOR 1
#define STACK_PROTECTOR_LEVEL 0
#define HAVE_GNU_RETAIN 1
#define USE_MULTIARCH 1
#define HAVE_ASM_SET_DIRECTIVE 1
#define HAVE_BUILTIN_MEMSET 1
#define HAVE_CC_INHIBIT_LOOP_TO_LIBCALL 1
#define HAVE_BUILTIN_TRAP 1
#define __LINUX_KERNEL_VERSION (6 * 65536 + 1 * 256 + 0)
#define __LINUX_KERNEL_VERSION_STR "6.1.0"
#define __ABI_TAG_VERSION 6,1,0
#define HAVE_INLINED_SYSCALLS 1
#define INCLUDE_X86_ISA_LEVEL 1
#define SUPPORT_STATIC_PIE 1
#define HAVE_IFUNC 1
#define HAVE_GCC_IFUNC 1
#define USE_LDCONFIG 1
#define ENABLE_STATIC_PIE 1
#define PTHREAD_IN_LIBC 1

configure: exit 0
